// Jest Snapshot v1, https://goo.gl/fbAQLP

exports[`LetterButton tests renders correctly 1`] = `
ShallowWrapper {
  "length": 1,
  Symbol(enzyme.__root__): [Circular],
  Symbol(enzyme.__unrendered__): <LetterButton
    item={
      Object {
        "bonusInterval": 2,
        "bonusValue": 90,
        "name": "B",
        "tally": 0,
        "value": 30,
      }
    }
  />,
  Symbol(enzyme.__renderer__): Object {
    "batchedUpdates": [Function],
    "getNode": [Function],
    "render": [Function],
    "simulateEvent": [Function],
    "unmount": [Function],
  },
  Symbol(enzyme.__node__): Object {
    "instance": null,
    "key": undefined,
    "nodeType": "class",
    "props": Object {
      "action": [Function],
      "active": false,
      "blocked": false,
      "bubbles": false,
      "children": "B",
      "className": "letter-button",
      "cssModule": null,
      "disabled": false,
      "element": null,
      "href": null,
      "moveEvents": true,
      "placeholder": false,
      "rootElement": "aws-btn",
      "size": null,
      "style": Object {},
      "target": null,
      "title": null,
      "to": null,
      "type": "primary",
      "visible": true,
    },
    "ref": null,
    "rendered": "B",
    "type": [Function],
  },
  Symbol(enzyme.__nodes__): Array [
    Object {
      "instance": null,
      "key": undefined,
      "nodeType": "class",
      "props": Object {
        "action": [Function],
        "active": false,
        "blocked": false,
        "bubbles": false,
        "children": "B",
        "className": "letter-button",
        "cssModule": null,
        "disabled": false,
        "element": null,
        "href": null,
        "moveEvents": true,
        "placeholder": false,
        "rootElement": "aws-btn",
        "size": null,
        "style": Object {},
        "target": null,
        "title": null,
        "to": null,
        "type": "primary",
        "visible": true,
      },
      "ref": null,
      "rendered": "B",
      "type": [Function],
    },
  ],
  Symbol(enzyme.__options__): Object {
    "adapter": ReactSixteenAdapter {
      "options": Object {
        "enableComponentDidUpdateOnSetState": true,
      },
    },
  },
}
`;
