// Jest Snapshot v1, https://goo.gl/fbAQLP

exports[`TinyButton tests renders correctly 1`] = `
ShallowWrapper {
  "length": 1,
  Symbol(enzyme.__root__): [Circular],
  Symbol(enzyme.__unrendered__): <TinyButton />,
  Symbol(enzyme.__renderer__): Object {
    "batchedUpdates": [Function],
    "getNode": [Function],
    "render": [Function],
    "simulateEvent": [Function],
    "unmount": [Function],
  },
  Symbol(enzyme.__node__): Object {
    "instance": null,
    "key": undefined,
    "nodeType": "class",
    "props": Object {
      "action": null,
      "active": false,
      "blocked": false,
      "bubbles": false,
      "children": null,
      "className": "tiny-button",
      "cssModule": null,
      "disabled": false,
      "element": null,
      "href": null,
      "moveEvents": true,
      "placeholder": false,
      "rootElement": "aws-btn",
      "size": null,
      "style": Object {},
      "target": null,
      "title": null,
      "to": null,
      "type": "primary",
      "visible": true,
    },
    "ref": null,
    "rendered": null,
    "type": [Function],
  },
  Symbol(enzyme.__nodes__): Array [
    Object {
      "instance": null,
      "key": undefined,
      "nodeType": "class",
      "props": Object {
        "action": null,
        "active": false,
        "blocked": false,
        "bubbles": false,
        "children": null,
        "className": "tiny-button",
        "cssModule": null,
        "disabled": false,
        "element": null,
        "href": null,
        "moveEvents": true,
        "placeholder": false,
        "rootElement": "aws-btn",
        "size": null,
        "style": Object {},
        "target": null,
        "title": null,
        "to": null,
        "type": "primary",
        "visible": true,
      },
      "ref": null,
      "rendered": null,
      "type": [Function],
    },
  ],
  Symbol(enzyme.__options__): Object {
    "adapter": ReactSixteenAdapter {
      "options": Object {
        "enableComponentDidUpdateOnSetState": true,
      },
    },
  },
}
`;
